// Jest Snapshot v1, https://goo.gl/fbAQLP

exports[`utils loadable should render and match the snapshot 1`] = `
<div>
  <span
    class="test"
  >
    Test
  </span>
</div>
`;
